{
  "actions_executed": "authenticate,forward",
  "chosen_cert_arn": "arn:aws:acm:us-east-2:123456789012:certificate/12345678-1234-1234-1234-123456789012",
  "client_ip": "192.168.131.39",
  "client_port": "2817",
  "domain_name": "www.example.com",
  "error_reason": "-",
  "lb": "app/my-loadbalancer/50dc6c495c0c9188",
  "lb_status_code": "200",
  "matched_rule_priority": "1",
  "received_bytes": "0",
  "redirect_url": "-",
  "request_creation_time": "2018-07-02T22:22:48.364000Z",
  "request_processing_time": "0.086",
  "request_proto": "HTTP/1.1",
  "request_url": "https://www.example.com:443/",
  "request_verb": "GET",
  "response_processing_time": "0.037",
  "sent_bytes": "57",
  "target_group_arn": "arn:aws:elasticloadbalancing:us-east-2:123456789012:targetgroup/my-targets/73e2d6bc24d8a067",
  "target_ip": "10.0.0.1",
  "target_list": "",
  "target_port": "80",
  "target_processing_time": "0.048",
  "target_status_code": "200",
  "target_status_code_list": "",
  "timestamp": "2018-07-02T22:23:00.186641Z",
  "tls_cipher": "ECDHE-RSA-AES128-GCM-SHA256",
  "tls_protocol": "TLSv1.2",
  "trace_id": "Root=1-58337281-1d84f3d73c47ec4e58577259",
  "type": "https",
  "user_agent": "Mozilla/5.0 (Windows NT 6.1; Win64; x64; rv:47.0) Gecko/20100101 Firefox/47.0"
}
