{
  "actions_executed": "forward",
  "chosen_cert_arn": "-",
  "client_device_family": "Other",
  "client_ip": "10.0.0.140",
  "client_os_family": "Other",
  "client_os_major": "",
  "client_os_minor": "",
  "client_os_patch": "",
  "client_port": "44244",
  "client_ua_family": "Other",
  "client_ua_major": "",
  "client_ua_minor": "",
  "client_ua_patch": "",
  "domain_name": "-",
  "error_reason": "-",
  "lb": "app/my-loadbalancer/50dc6c495c0c9188",
  "lb_status_code": "101",
  "matched_rule_priority": "1",
  "received_bytes": "218",
  "redirect_url": "-",
  "request_creation_time": "2018-07-02T22:22:48.364000Z",
  "request_processing_time": "0.100",
  "request_proto": "HTTP/1.1",
  "request_url": "https://10.0.0.30:443/",
  "request_verb": "GET",
  "response_processing_time": "0.300",
  "sent_bytes": "786",
  "target_group_arn": "arn:aws:elasticloadbalancing:us-west-2:123456789012:targetgroup/my-targets/73e2d6bc24d8a067",
  "target_ip": "10.0.0.171",
  "target_list": "",
  "target_port": "8010",
  "target_processing_time": "0.200",
  "target_status_code": "101",
  "target_status_code_list": "",
  "timestamp": "2018-07-02T22:23:00.186641Z",
  "tls_cipher": "ECDHE-RSA-AES128-GCM-SHA256",
  "tls_protocol": "TLSv1.2",
  "trace_id": "Root=1-58337364-23a8c76965a2ef7629b185e3",
  "type": "wss",
  "user_agent": "-"
}
