{
  "Proto": "wss",
  "Timestamp": "2018-07-02T22:23:00.186641Z",
  "ELB": "app/my-loadbalancer/50dc6c495c0c9188",
  "ClientIP": "10.0.0.140",
  "ClientPort": "44244",
  "TargetIP": "10.0.0.171",
  "TargetPort": "8010",
  "RequestProcessingTime": "0.100",
  "TargetProcessingTime": "0.200",
  "ResponseProcessingTime": "0.300",
  "ELBStatusCode": "101",
  "TargetStatusCode": "101",
  "ReceivedBytes": "218",
  "SentBytes": "786",
  "RequestVerb": "GET",
  "RequestURL": "https://10.0.0.30:443/",
  "RequestProto": "HTTP/1.1",
  "UserAgent": "-",
  "SSLCipher": "ECDHE-RSA-AES128-GCM-SHA256",
  "SSLProtocol": "TLSv1.2",
  "TargetGroupARN": "arn:aws:elasticloadbalancing:us-west-2:123456789012:targetgroup/my-targets/73e2d6bc24d8a067",
  "TraceID": "Root=1-58337364-23a8c76965a2ef7629b185e3",
  "DomainName": "-",
  "ChosenCertARN": "-",
  "MatchedRulePriority": "1",
  "RequestCreationTime": "2018-07-02T22:22:48.364000Z",
  "ActionsExecuted": "forward",
  "RedirectURL": "-",
  "LambdaErrorReason": "-",
  "TargetPortList": "",
  "TargetStatusCodeList": "",
  "Extra": ""
}
