{
  "Proto": "http",
  "Timestamp": "2018-11-30T22:23:00.186641Z",
  "ELB": "app/my-loadbalancer/50dc6c495c0c9188",
  "ClientIP": "192.168.131.39",
  "ClientPort": "2817",
  "TargetIP": "",
  "TargetPort": "",
  "RequestProcessingTime": "0.009",
  "TargetProcessingTime": "0.008",
  "ResponseProcessingTime": "0.007",
  "ELBStatusCode": "200",
  "TargetStatusCode": "200",
  "ReceivedBytes": "34",
  "SentBytes": "366",
  "RequestVerb": "GET",
  "RequestURL": "http://www.example.com:80/",
  "RequestProto": "HTTP/1.1",
  "UserAgent": "curl/7.46.0",
  "SSLCipher": "-",
  "SSLProtocol": "-",
  "TargetGroupARN": "arn:aws:elasticloadbalancing:us-east-2:123456789012:targetgroup/my-targets/73e2d6bc24d8a067",
  "TraceID": "Root=1-58337364-23a8c76965a2ef7629b185e3",
  "DomainName": "-",
  "ChosenCertARN": "-",
  "MatchedRulePriority": "0",
  "RequestCreationTime": "2018-11-30T22:22:48.364000Z",
  "ActionsExecuted": "forward",
  "RedirectURL": "-",
  "LambdaErrorReason": "-",
  "TargetPortList": "",
  "TargetStatusCodeList": "",
  "Extra": ""
}