{
  "Proto": "h2",
  "Timestamp": "2018-07-02T22:23:00.186641Z",
  "ELB": "app/my-loadbalancer/50dc6c495c0c9188",
  "ClientIP": "10.0.1.252",
  "ClientPort": "48160",
  "TargetIP": "10.0.0.66",
  "TargetPort": "9000",
  "RequestProcessingTime": "0.001",
  "TargetProcessingTime": "0.002",
  "ResponseProcessingTime": "0.003",
  "ELBStatusCode": "200",
  "TargetStatusCode": "200",
  "ReceivedBytes": "5",
  "SentBytes": "257",
  "RequestVerb": "GET",
  "RequestURL": "https://10.0.2.105:773/",
  "RequestProto": "HTTP/2.0",
  "UserAgent": "curl/7.46.0",
  "SSLCipher": "ECDHE-RSA-AES128-GCM-SHA256",
  "SSLProtocol": "TLSv1.2",
  "TargetGroupARN": "arn:aws:elasticloadbalancing:us-east-2:123456789012:targetgroup/my-targets/73e2d6bc24d8a067",
  "TraceID": "Root=1-58337327-72bd00b0343d75b906739c42",
  "DomainName": "-",
  "ChosenCertARN": "-",
  "MatchedRulePriority": "1",
  "RequestCreationTime": "2018-07-02T22:22:48.364000Z",
  "ActionsExecuted": "redirect",
  "RedirectURL": "https://example.com:80/",
  "LambdaErrorReason": "-",
  "TargetPortList": "",
  "TargetStatusCodeList": "",
  "Extra": ""
}