{
  "actions_executed": "forward",
  "chosen_cert_arn": "-",
  "client_ip": "192.168.131.39",
  "client_port": "2817",
  "domain_name": "-",
  "error_reason": "-",
  "lb": "app/my-loadbalancer/50dc6c495c0c9188",
  "lb_status_code": "200",
  "matched_rule_priority": "0",
  "received_bytes": "34",
  "redirect_url": "-",
  "request_creation_time": "2018-07-02T22:22:48.364000Z",
  "request_processing_time": "0.000",
  "request_proto": "HTTP/1.1",
  "request_url": "http://www.example.com:80/",
  "request_verb": "GET",
  "response_processing_time": "0.002",
  "sent_bytes": "366",
  "target_group_arn": "arn:aws:elasticloadbalancing:us-east-2:123456789012:targetgroup/my-targets/73e2d6bc24d8a067",
  "target_ip": "10.0.0.1",
  "target_list": "",
  "target_port": "80",
  "target_processing_time": "0.001",
  "target_status_code": "200",
  "target_status_code_list": "",
  "timestamp": "2018-07-02T22:23:00.186641Z",
  "tls_cipher": "-",
  "tls_protocol": "-",
  "trace_id": "Root=1-58337262-36d228ad5d99923122bbe354",
  "type": "http",
  "user_agent": "curl/7.46.0"
}
